Expo Autolinking module resolution enabled
Starting Metro Bundler

| (node:77301) Warning: The 'NO_COLOR' env is ignored due to the 'FORCE_COLOR' env being set.
| (Use `node --trace-warnings ...` to show where the warning was created)
| (node:77301) Warning: The 'NO_COLOR' env is ignored due to the 'FORCE_COLOR' env being set.
| (Use `node --trace-warnings ...` to show where the warning was created)
iOS Bundled 40517ms node_modules/expo-router/entry.js (1327 modules)

› Assets (23):
../../node_modules/expo-router/assets/arrow_down.png (9.5KB)
../../node_modules/expo-router/assets/error.png (469B)
../../node_modules/expo-router/assets/file.png (138B)
../../node_modules/expo-router/assets/forward.png (188B)
../../node_modules/expo-router/assets/pkg.png (364B)
../../node_modules/expo-router/assets/react-navigation/elements/back-icon-mask.png (653B)
../../node_modules/expo-router/assets/react-navigation/elements/back-icon.png (4 variations | 566B)
../../node_modules/expo-router/assets/react-navigation/elements/clear-icon.png (4 variations | 425B)
../../node_modules/expo-router/assets/react-navigation/elements/close-icon.png (4 variations | 235B)
../../node_modules/expo-router/assets/react-navigation/elements/search-icon.png (3 variations | 582B)
../../node_modules/expo-router/assets/sitemap.png (465B)
../../node_modules/expo-router/assets/unmatched.png (4.8KB)

› ios bundles (1):
_expo/static/js/ios/entry-a3ecaf4a72e0600a4f52c04d4aee16a3.hbc (2.8MB)

› web bundles (1):
_expo/static/css/global-d41d8cd98f00b204e9800998ecf8427e.css (0B)

› Files (1):
metadata.json (1.6KB)

Exported: dist/ios
Expo Autolinking module resolution enabled
Starting Metro Bundler

| (node:78473) Warning: The 'NO_COLOR' env is ignored due to the 'FORCE_COLOR' env being set.
| (Use `node --trace-warnings ...` to show where the warning was created)
| (node:78473) Warning: The 'NO_COLOR' env is ignored due to the 'FORCE_COLOR' env being set.
| (Use `node --trace-warnings ...` to show where the warning was created)
Android Bundled 84209ms node_modules/expo-router/entry.js (1457 modules)

› Assets (27):
../../node_modules/@expo-google-fonts/material-symbols/400Regular/MaterialSymbols_400Regular.ttf (963KB)
../../node_modules/expo-router/assets/arrow_down.png (9.5KB)
../../node_modules/expo-router/assets/arrow_right.xml (307B)
../../node_modules/expo-router/assets/checkmark.xml (312B)
../../node_modules/expo-router/assets/error.png (469B)
../../node_modules/expo-router/assets/file.png (138B)
../../node_modules/expo-router/assets/forward.png (188B)
../../node_modules/expo-router/assets/pkg.png (364B)
../../node_modules/expo-router/assets/react-navigation/elements/back-icon-mask.png (653B)
../../node_modules/expo-router/assets/react-navigation/elements/back-icon.png (4 variations | 152B)
../../node_modules/expo-router/assets/react-navigation/elements/clear-icon.png (4 variations | 425B)
../../node_modules/expo-router/assets/react-navigation/elements/close-icon.png (4 variations | 235B)
../../node_modules/expo-router/assets/react-navigation/elements/search-icon.png (4 variations | 599B)
../../node_modules/expo-router/assets/sitemap.png (465B)
../../node_modules/expo-router/assets/unmatched.png (4.8KB)

› android bundles (1):
_expo/static/js/android/entry-1b03d57201a26d1ca690a170558cfd0b.hbc (3.1MB)

› web bundles (1):
_expo/static/css/global-d41d8cd98f00b204e9800998ecf8427e.css (0B)

› Files (1):
metadata.json (1.9KB)

Exported: dist/android
