$ pnpm --filter @learnui/web build && node scripts/check-web-pack.mjs && pnpm --filter @learnui/web exec publint
$ vite build && tsc -p tsconfig.build.json --emitDeclarationOnly
vite v8.2.2 building client environment for production...
transforming...
✓ 11 modules transformed.
rendering chunks...
computing gzip size...
dist/styles.css   7.47 kB │ gzip:  1.57 kB
dist/index.js    61.05 kB │ gzip: 16.13 kB │ map: 213.25 kB

✓ built in 89ms
@learnui/web pack check passed: ../../../../../../var/folders/9b/wsf5f1js65b6s1bf8jz0p3380000gn/T/learnui-web-pack-37979/learnui-web-0.0.0.tgz
Running publint v0.3.24 for @learnui/web...
Packing files with `pnpm pack`...
Linting...
All good!
$ tsc -p tsconfig.json --noEmit
$ storybook build

┌  Building storybook v10.5.10
│
◇  Cleaning outputDir: storybook-static
│
◇  Loading presets
│
◇  Building manager..
│
●  Building open services..
│
●  Building preview..
│  Vite vite v8.2.2 building client environment for production...
transforming...
✓ 1357 modules transformed.
rendering chunks...
computing gzip size...
│  Vite storybook-static/iframe.html
│  18.98 kB │ gzip:   5.30 kB
│  storybook-static/assets/iframe-Dlyas6qr.css                      7.85
│  kB │ gzip:   1.63 kB
│  storybook-static/assets/iframe-B59hRDCD.js                       0.04
│  kB │ gzip:   0.06 kB
│  storybook-static/assets/package-surface.stories-BlpTfWXx.js      0.89
│  kB │ gzip:   0.50 kB
│  storybook-static/assets/rolldown-runtime-DkW27tQK.js             1.19
│  kB │ gzip:   0.67 kB
│  storybook-static/assets/preload-helper-wdlQj8DP.js               1.31
│  kB │ gzip:   0.74 kB
│  storybook-static/assets/divider.stories-CAJ2qtvb.js              3.46
│  kB │ gzip:   1.24 kB
│  storybook-static/assets/react-dom-CkTT9O-2.js                    3.58
│  kB │ gzip:   1.36 kB
│  storybook-static/assets/card.stories-Ds3sFGZI.js                 4.19
│  kB │ gzip:   1.48 kB
│  storybook-static/assets/badge.stories-W1bhIth0.js                6.34
│  kB │ gzip:   1.88 kB
│  storybook-static/assets/spinner.stories-BXccv2Zq.js              8.79
│  kB │ gzip:   2.34 kB
│  storybook-static/vite-inject-mocker-entry.js                    27.84
│  kB │ gzip:   9.66 kB
│  storybook-static/assets/matchers-JIUQ3HVY-C789_MAK.js           28.79
│  kB │ gzip:   9.68 kB
│  storybook-static/assets/dist-B6l6yMyp.js                        62.97
│  kB │ gzip:  21.06 kB
│  storybook-static/assets/react-18-CNvwepOa.js                   179.06
│  kB │ gzip:  56.63 kB
│  storybook-static/assets/axe-_9eNhXQJ.js                        587.04
│  kB │ gzip: 160.26 kB
│  storybook-static/assets/iframe-DbC43MoS.js                   1,128.69
│  kB │ gzip: 321.09 kB

│
▲  Vite [plugin builtin:vite-reporter]
│  (!) Some chunks are larger than 500 kB after minification. Consider:
│  - Using dynamic import() to code-split the application
│  - Use build.rolldownOptions.output.codeSplitting to improve chunking:
│  https://rolldown.rs/reference/OutputOptions.codeSplitting
│  - Adjust chunk size limit for this warning via
│  build.chunkSizeWarningLimit.
│  Vite ✓ built in 894ms
│
◇  Output directory:
│  <worktree>/apps/web-storybook/storybook-static
│
└  Storybook build completed successfully
