$ pnpm --filter @learnui/web build && node scripts/smoke-web-consumer.mjs
$ vite build && tsc -p tsconfig.build.json --emitDeclarationOnly
vite v8.2.2 building client environment for production...
transforming...
✓ 11 modules transformed.
rendering chunks...
computing gzip size...
dist/styles.css   7.47 kB │ gzip:  1.57 kB
dist/index.js    61.05 kB │ gzip: 16.13 kB │ map: 213.25 kB

✓ built in 84ms
@learnui/web consumer smoke passed: ../../../../../../var/folders/9b/wsf5f1js65b6s1bf8jz0p3380000gn/T/learnui-web-consumer-38833/consumer
$ node scripts/smoke-native-consumer.mjs
$ pnpm run clean && bob build && node scripts/copy-assets.mjs
$ node scripts/clean.mjs
ℹ [module] Cleaning up previous build at lib/module
ℹ [module] Compiling 7 files in src with babel
ℹ [typescript] Cleaning up previous build at lib/typescript
ℹ [typescript] Generating type definitions with tsc
✔ [module] Wrote files to lib/module
✔ [typescript] Wrote definition files to lib/typescript
$ pnpm run build
$ pnpm run clean && bob build && node scripts/copy-assets.mjs
$ node scripts/clean.mjs
Progress: resolved 1, reused 0, downloaded 0, added 0
Progress: resolved 23, reused 21, downloaded 1, added 0
Progress: resolved 113, reused 87, downloaded 1, added 0
Progress: resolved 260, reused 239, downloaded 1, added 0
Progress: resolved 553, reused 512, downloaded 1, added 0
[WARN] 1 deprecated subdependencies found: uuid@7.0.3
Packages: +596
++++++++++++++++++++++++++++++++++++++++++++++++++++++++++++++++++++++++++++++++
Progress: resolved 636, reused 595, downloaded 1, added 194
Progress: resolved 636, reused 595, downloaded 1, added 425
Progress: resolved 636, reused 595, downloaded 1, added 550
Progress: resolved 636, reused 595, downloaded 1, added 589
Progress: resolved 636, reused 595, downloaded 1, added 596, done

dependencies:
+ @expo/metro-config 57.0.12
+ @expo/metro-runtime 57.0.15
+ @learnui/native 0.0.0
+ expo 57.0.21 (57.0.22 is available)
+ expo-constants 57.0.17 (57.0.18 is available)
+ expo-linking 57.0.9 (57.0.10 is available)
+ expo-router 57.0.20 (57.0.21 is available)
+ metro 0.87.0
+ metro-cache 0.87.0
+ metro-transform-worker 0.87.0
+ react 19.2.3 (19.3.0 is available)
+ react-dom 19.2.3 (19.3.0 is available)
+ react-native 0.86.2 (0.87.1 is available)
+ react-native-gesture-handler 2.32.0 (3.3.0 is available)
+ react-native-reanimated 4.5.1 (4.6.0 is available)
+ react-native-safe-area-context 5.7.0 (5.9.1 is available)
+ react-native-screens 4.26.2 (4.27.0 is available)
+ react-native-web 0.21.2
+ react-native-worklets 0.10.1 (0.12.1 is available)
+ tailwindcss 4.3.3
+ uniwind 1.12.0

devDependencies:
+ @react-native/metro-config 0.86.2 (0.87.1 is available)
+ @types/react 19.2.18 (19.3.0 is available)
+ typescript 6.0.3 (7.0.2 is available)

Done in 9.7s using pnpm v11.9.0
$ tsc -p tsconfig.json --noEmit
Bytecode makes the app startup faster, disabling bytecode is highly discouraged and should only be used for debugging purposes.
Starting Metro Bundler

| (node:39522) Warning: The 'NO_COLOR' env is ignored due to the 'FORCE_COLOR' env being set.
| (Use `node --trace-warnings ...` to show where the warning was created)
| (node:39522) Warning: The 'NO_COLOR' env is ignored due to the 'FORCE_COLOR' env being set.
| (Use `node --trace-warnings ...` to show where the warning was created)
| (node:39522) Warning: The 'NO_COLOR' env is ignored due to the 'FORCE_COLOR' env being set.
| (Use `node --trace-warnings ...` to show where the warning was created)
iOS Bundled 2011ms node_modules/.pnpm/expo-router@57.0.20_ef8c7b0304ca28d0342ec7d2e6aba081/node_modules/expo-router/entry.js (1323 modules)

› Assets (23):
node_modules/.pnpm/expo-router@57.0.20_ef8c7b0304ca28d0342ec7d2e6aba081/node_modules/expo-router/assets/arrow_down.png (9.5KB)
node_modules/.pnpm/expo-router@57.0.20_ef8c7b0304ca28d0342ec7d2e6aba081/node_modules/expo-router/assets/error.png (469B)
node_modules/.pnpm/expo-router@57.0.20_ef8c7b0304ca28d0342ec7d2e6aba081/node_modules/expo-router/assets/file.png (138B)
node_modules/.pnpm/expo-router@57.0.20_ef8c7b0304ca28d0342ec7d2e6aba081/node_modules/expo-router/assets/forward.png (188B)
node_modules/.pnpm/expo-router@57.0.20_ef8c7b0304ca28d0342ec7d2e6aba081/node_modules/expo-router/assets/pkg.png (364B)
node_modules/.pnpm/expo-router@57.0.20_ef8c7b0304ca28d0342ec7d2e6aba081/node_modules/expo-router/assets/react-navigation/elements/back-icon-mask.png (653B)
node_modules/.pnpm/expo-router@57.0.20_ef8c7b0304ca28d0342ec7d2e6aba081/node_modules/expo-router/assets/react-navigation/elements/back-icon.png (4 variations | 566B)
node_modules/.pnpm/expo-router@57.0.20_ef8c7b0304ca28d0342ec7d2e6aba081/node_modules/expo-router/assets/react-navigation/elements/clear-icon.png (4 variations | 425B)
node_modules/.pnpm/expo-router@57.0.20_ef8c7b0304ca28d0342ec7d2e6aba081/node_modules/expo-router/assets/react-navigation/elements/close-icon.png (4 variations | 235B)
node_modules/.pnpm/expo-router@57.0.20_ef8c7b0304ca28d0342ec7d2e6aba081/node_modules/expo-router/assets/react-navigation/elements/search-icon.png (3 variations | 582B)
node_modules/.pnpm/expo-router@57.0.20_ef8c7b0304ca28d0342ec7d2e6aba081/node_modules/expo-router/assets/sitemap.png (465B)
node_modules/.pnpm/expo-router@57.0.20_ef8c7b0304ca28d0342ec7d2e6aba081/node_modules/expo-router/assets/unmatched.png (4.8KB)

› ios bundles (1):
_expo/static/js/ios/entry-6ecec8c853a03595f96c4d8987eca73a.js (4.3MB)

› web bundles (1):
_expo/static/css/global-d41d8cd98f00b204e9800998ecf8427e.css (0B)

› Files (1):
metadata.json (1.6KB)

Exported: dist/ios
Bytecode makes the app startup faster, disabling bytecode is highly discouraged and should only be used for debugging purposes.
Starting Metro Bundler

| (node:39580) Warning: The 'NO_COLOR' env is ignored due to the 'FORCE_COLOR' env being set.
| (Use `node --trace-warnings ...` to show where the warning was created)
| (node:39580) Warning: The 'NO_COLOR' env is ignored due to the 'FORCE_COLOR' env being set.
| (Use `node --trace-warnings ...` to show where the warning was created)
| (node:39580) Warning: The 'NO_COLOR' env is ignored due to the 'FORCE_COLOR' env being set.
| (Use `node --trace-warnings ...` to show where the warning was created)
Android Bundled 2597ms node_modules/.pnpm/expo-router@57.0.20_ef8c7b0304ca28d0342ec7d2e6aba081/node_modules/expo-router/entry.js (1458 modules)

› Assets (27):
node_modules/.pnpm/@expo-google-fonts+material-symbols@0.4.47/node_modules/@expo-google-fonts/material-symbols/400Regular/MaterialSymbols_400Regular.ttf (967KB)
node_modules/.pnpm/expo-router@57.0.20_ef8c7b0304ca28d0342ec7d2e6aba081/node_modules/expo-router/assets/arrow_down.png (9.5KB)
node_modules/.pnpm/expo-router@57.0.20_ef8c7b0304ca28d0342ec7d2e6aba081/node_modules/expo-router/assets/arrow_right.xml (307B)
node_modules/.pnpm/expo-router@57.0.20_ef8c7b0304ca28d0342ec7d2e6aba081/node_modules/expo-router/assets/checkmark.xml (312B)
node_modules/.pnpm/expo-router@57.0.20_ef8c7b0304ca28d0342ec7d2e6aba081/node_modules/expo-router/assets/error.png (469B)
node_modules/.pnpm/expo-router@57.0.20_ef8c7b0304ca28d0342ec7d2e6aba081/node_modules/expo-router/assets/file.png (138B)
node_modules/.pnpm/expo-router@57.0.20_ef8c7b0304ca28d0342ec7d2e6aba081/node_modules/expo-router/assets/forward.png (188B)
node_modules/.pnpm/expo-router@57.0.20_ef8c7b0304ca28d0342ec7d2e6aba081/node_modules/expo-router/assets/pkg.png (364B)
node_modules/.pnpm/expo-router@57.0.20_ef8c7b0304ca28d0342ec7d2e6aba081/node_modules/expo-router/assets/react-navigation/elements/back-icon-mask.png (653B)
node_modules/.pnpm/expo-router@57.0.20_ef8c7b0304ca28d0342ec7d2e6aba081/node_modules/expo-router/assets/react-navigation/elements/back-icon.png (4 variations | 152B)
node_modules/.pnpm/expo-router@57.0.20_ef8c7b0304ca28d0342ec7d2e6aba081/node_modules/expo-router/assets/react-navigation/elements/clear-icon.png (4 variations | 425B)
node_modules/.pnpm/expo-router@57.0.20_ef8c7b0304ca28d0342ec7d2e6aba081/node_modules/expo-router/assets/react-navigation/elements/close-icon.png (4 variations | 235B)
node_modules/.pnpm/expo-router@57.0.20_ef8c7b0304ca28d0342ec7d2e6aba081/node_modules/expo-router/assets/react-navigation/elements/search-icon.png (4 variations | 599B)
node_modules/.pnpm/expo-router@57.0.20_ef8c7b0304ca28d0342ec7d2e6aba081/node_modules/expo-router/assets/sitemap.png (465B)
node_modules/.pnpm/expo-router@57.0.20_ef8c7b0304ca28d0342ec7d2e6aba081/node_modules/expo-router/assets/unmatched.png (4.8KB)

› android bundles (1):
_expo/static/js/android/entry-5d4fe78482f59b494fd2e6759823be68.js (4.9MB)

› web bundles (1):
_expo/static/css/global-d41d8cd98f00b204e9800998ecf8427e.css (0B)

› Files (1):
metadata.json (1.8KB)

Exported: dist/android
Native consumer smoke passed with learnui-native-0.0.0.tgz
